
> appointcare-backend@1.0.0 test
> jest --verbose

  console.error
    Error fetching doctors: Error: Database error
        at Object.<anonymous> (C:\Users\ngpwa\OneDrive\Desktop\AppointCareFinal\AppointCare\backend\test\doctorController.test.js:38:48)
        at Promise.then.completed (C:\Users\ngpwa\OneDrive\Desktop\AppointCareFinal\AppointCare\backend\node_modules\jest-circus\build\utils.js:298:28)
        at new Promise (<anonymous>)
        at callAsyncCircusFn (C:\Users\ngpwa\OneDrive\Desktop\AppointCareFinal\AppointCare\backend\node_modules\jest-circus\build\utils.js:231:10)
        at _callCircusTest (C:\Users\ngpwa\OneDrive\Desktop\AppointCareFinal\AppointCare\backend\node_modules\jest-circus\build\run.js:316:40)
        at processTicksAndRejections (node:internal/process/task_queues:105:5)
        at _runTest (C:\Users\ngpwa\OneDrive\Desktop\AppointCareFinal\AppointCare\backend\node_modules\jest-circus\build\run.js:252:3)
        at _runTestsForDescribeBlock (C:\Users\ngpwa\OneDrive\Desktop\AppointCareFinal\AppointCare\backend\node_modules\jest-circus\build\run.js:126:9)
        at _runTestsForDescribeBlock (C:\Users\ngpwa\OneDrive\Desktop\AppointCareFinal\AppointCare\backend\node_modules\jest-circus\build\run.js:121:9)
        at _runTestsForDescribeBlock (C:\Users\ngpwa\OneDrive\Desktop\AppointCareFinal\AppointCare\backend\node_modules\jest-circus\build\run.js:121:9)
        at run (C:\Users\ngpwa\OneDrive\Desktop\AppointCareFinal\AppointCare\backend\node_modules\jest-circus\build\run.js:71:3)
        at runAndTransformResultsToJestFormat (C:\Users\ngpwa\OneDrive\Desktop\AppointCareFinal\AppointCare\backend\node_modules\jest-circus\build\legacy-code-todo-rewrite\jestAdapterInit.js:122:21)
        at jestAdapter (C:\Users\ngpwa\OneDrive\Desktop\AppointCareFinal\AppointCare\backend\node_modules\jest-circus\build\legacy-code-todo-rewrite\jestAdapter.js:79:19)
        at runTestInternal (c:\Users\ngpwa\OneDrive\Desktop\AppointCareFinal\AppointCare\backend\node_modules\jest-runner\build\runTest.js:367:16)
        at runTest (c:\Users\ngpwa\OneDrive\Desktop\AppointCareFinal\AppointCare\backend\node_modules\jest-runner\build\runTest.js:444:34)
        at Object.worker (c:\Users\ngpwa\OneDrive\Desktop\AppointCareFinal\AppointCare\backend\node_modules\jest-runner\build\testWorker.js:106:12)

    [0m [90m  7 |[39m     res[33m.[39mjson(result[33m.[39mrows)[33m;[39m
     [90m  8 |[39m   } [36mcatch[39m (err) {
    [31m[1m>[22m[39m[90m  9 |[39m     console[33m.[39merror([32m'Error fetching doctors:'[39m[33m,[39m err)[33m;[39m
     [90m    |[39m             [31m[1m^[22m[39m
     [90m 10 |[39m     res[33m.[39mstatus([35m500[39m)[33m.[39mjson({ message[33m:[39m [32m'Error fetching doctors'[39m })[33m;[39m
     [90m 11 |[39m   }
     [90m 12 |[39m }[33m;[39m[0m

      at Object.error [as getAllDoctors] (controllers/doctorController.js:9:13)
      at Object.<anonymous> (test/doctorController.test.js:40:7)

  console.error
    Error fetching doctor schedule: Error: Database error
        at Object.<anonymous> (C:\Users\ngpwa\OneDrive\Desktop\AppointCareFinal\AppointCare\backend\test\doctorController.test.js:101:48)
        at Promise.then.completed (C:\Users\ngpwa\OneDrive\Desktop\AppointCareFinal\AppointCare\backend\node_modules\jest-circus\build\utils.js:298:28)
        at new Promise (<anonymous>)
        at callAsyncCircusFn (C:\Users\ngpwa\OneDrive\Desktop\AppointCareFinal\AppointCare\backend\node_modules\jest-circus\build\utils.js:231:10)
        at _callCircusTest (C:\Users\ngpwa\OneDrive\Desktop\AppointCareFinal\AppointCare\backend\node_modules\jest-circus\build\run.js:316:40)
        at processTicksAndRejections (node:internal/process/task_queues:105:5)
        at _runTest (C:\Users\ngpwa\OneDrive\Desktop\AppointCareFinal\AppointCare\backend\node_modules\jest-circus\build\run.js:252:3)
        at _runTestsForDescribeBlock (C:\Users\ngpwa\OneDrive\Desktop\AppointCareFinal\AppointCare\backend\node_modules\jest-circus\build\run.js:126:9)
        at _runTestsForDescribeBlock (C:\Users\ngpwa\OneDrive\Desktop\AppointCareFinal\AppointCare\backend\node_modules\jest-circus\build\run.js:121:9)
        at _runTestsForDescribeBlock (C:\Users\ngpwa\OneDrive\Desktop\AppointCareFinal\AppointCare\backend\node_modules\jest-circus\build\run.js:121:9)
        at run (C:\Users\ngpwa\OneDrive\Desktop\AppointCareFinal\AppointCare\backend\node_modules\jest-circus\build\run.js:71:3)
        at runAndTransformResultsToJestFormat (C:\Users\ngpwa\OneDrive\Desktop\AppointCareFinal\AppointCare\backend\node_modules\jest-circus\build\legacy-code-todo-rewrite\jestAdapterInit.js:122:21)
        at jestAdapter (C:\Users\ngpwa\OneDrive\Desktop\AppointCareFinal\AppointCare\backend\node_modules\jest-circus\build\legacy-code-todo-rewrite\jestAdapter.js:79:19)
        at runTestInternal (c:\Users\ngpwa\OneDrive\Desktop\AppointCareFinal\AppointCare\backend\node_modules\jest-runner\build\runTest.js:367:16)
        at runTest (c:\Users\ngpwa\OneDrive\Desktop\AppointCareFinal\AppointCare\backend\node_modules\jest-runner\build\runTest.js:444:34)
        at Object.worker (c:\Users\ngpwa\OneDrive\Desktop\AppointCareFinal\AppointCare\backend\node_modules\jest-runner\build\testWorker.js:106:12)

    [0m [90m 100 |[39m     res[33m.[39mjson(result[33m.[39mrows)[33m;[39m
     [90m 101 |[39m   } [36mcatch[39m (err) {
    [31m[1m>[22m[39m[90m 102 |[39m     console[33m.[39merror([32m'Error fetching doctor schedule:'[39m[33m,[39m err)[33m;[39m
     [90m     |[39m             [31m[1m^[22m[39m
     [90m 103 |[39m     res[33m.[39mstatus([35m500[39m)[33m.[39mjson({ message[33m:[39m [32m'Error fetching doctor schedule'[39m })[33m;[39m
     [90m 104 |[39m   }
     [90m 105 |[39m }[33m;[39m[0m

      at Object.error [as getDoctorSchedule] (controllers/doctorController.js:102:13)
      at Object.<anonymous> (test/doctorController.test.js:103:7)

  console.log
    PostgreSQL connected to AppointCare database

      at PendingItem.log [as callback] (server.js:42:13)

  console.log
    Server running on port 3000

      at Server.log (server.js:44:36)

